  Determining projects to restore...
  All projects are up-to-date for restore.
F:\.NET\BAOCAOWEBNANGCAO\BAOCAOWEBNANGCAO\SessionHelper.cs(19,20): warning CS8603: Possible null reference return. [F:\.NET\BAOCAOWEBNANGCAO\BAOCAOWEBNANGCAO\BAOCAOWEBNANGCAO.csproj]
F:\.NET\BAOCAOWEBNANGCAO\BAOCAOWEBNANGCAO\Models\SePayWebhookData.cs(6,23): warning CS8618: Non-nullable property 'gateway' must contain a non-null value when exiting constructor. Consider adding the 'required' modifier or declaring the property as nullable. [F:\.NET\BAOCAOWEBNANGCAO\BAOCAOWEBNANGCAO\BAOCAOWEBNANGCAO.csproj]
F:\.NET\BAOCAOWEBNANGCAO\BAOCAOWEBNANGCAO\Models\SePayWebhookData.cs(7,23): warning CS8618: Non-nullable property 'transactionDate' must contain a non-null value when exiting constructor. Consider adding the 'required' modifier or declaring the property as nullable. [F:\.NET\BAOCAOWEBNANGCAO\BAOCAOWEBNANGCAO\BAOCAOWEBNANGCAO.csproj]
F:\.NET\BAOCAOWEBNANGCAO\BAOCAOWEBNANGCAO\Models\SePayWebhookData.cs(8,23): warning CS8618: Non-nullable property 'accountNumber' must contain a non-null value when exiting constructor. Consider adding the 'required' modifier or declaring the property as nullable. [F:\.NET\BAOCAOWEBNANGCAO\BAOCAOWEBNANGCAO\BAOCAOWEBNANGCAO.csproj]
F:\.NET\BAOCAOWEBNANGCAO\BAOCAOWEBNANGCAO\Models\SePayWebhookData.cs(11,23): warning CS8618: Non-nullable property 'content' must contain a non-null value when exiting constructor. Consider adding the 'required' modifier or declaring the property as nullable. [F:\.NET\BAOCAOWEBNANGCAO\BAOCAOWEBNANGCAO\BAOCAOWEBNANGCAO.csproj]
F:\.NET\BAOCAOWEBNANGCAO\BAOCAOWEBNANGCAO\Models\SePayWebhookData.cs(12,23): warning CS8618: Non-nullable property 'transferType' must contain a non-null value when exiting constructor. Consider adding the 'required' modifier or declaring the property as nullable. [F:\.NET\BAOCAOWEBNANGCAO\BAOCAOWEBNANGCAO\BAOCAOWEBNANGCAO.csproj]
F:\.NET\BAOCAOWEBNANGCAO\BAOCAOWEBNANGCAO\Models\SePayWebhookData.cs(14,23): warning CS8618: Non-nullable property 'referenceCode' must contain a non-null value when exiting constructor. Consider adding the 'required' modifier or declaring the property as nullable. [F:\.NET\BAOCAOWEBNANGCAO\BAOCAOWEBNANGCAO\BAOCAOWEBNANGCAO.csproj]
F:\.NET\BAOCAOWEBNANGCAO\BAOCAOWEBNANGCAO\Models\Product.cs(10,23): warning CS8618: Non-nullable property 'Name' must contain a non-null value when exiting constructor. Consider adding the 'required' modifier or declaring the property as nullable. [F:\.NET\BAOCAOWEBNANGCAO\BAOCAOWEBNANGCAO\BAOCAOWEBNANGCAO.csproj]
F:\.NET\BAOCAOWEBNANGCAO\BAOCAOWEBNANGCAO\Models\OrderDetail.cs(13,22): warning CS8618: Non-nullable property 'Order' must contain a non-null value when exiting constructor. Consider adding the 'required' modifier or declaring the property as nullable. [F:\.NET\BAOCAOWEBNANGCAO\BAOCAOWEBNANGCAO\BAOCAOWEBNANGCAO.csproj]
F:\.NET\BAOCAOWEBNANGCAO\BAOCAOWEBNANGCAO\Models\OrderDetail.cs(17,24): warning CS8618: Non-nullable property 'Product' must contain a non-null value when exiting constructor. Consider adding the 'required' modifier or declaring the property as nullable. [F:\.NET\BAOCAOWEBNANGCAO\BAOCAOWEBNANGCAO\BAOCAOWEBNANGCAO.csproj]
F:\.NET\BAOCAOWEBNANGCAO\BAOCAOWEBNANGCAO\Models\Order.cs(13,23): warning CS8618: Non-nullable property 'CustomerName' must contain a non-null value when exiting constructor. Consider adding the 'required' modifier or declaring the property as nullable. [F:\.NET\BAOCAOWEBNANGCAO\BAOCAOWEBNANGCAO\BAOCAOWEBNANGCAO.csproj]
F:\.NET\BAOCAOWEBNANGCAO\BAOCAOWEBNANGCAO\Models\Order.cs(16,23): warning CS8618: Non-nullable property 'CustomerPhone' must contain a non-null value when exiting constructor. Consider adding the 'required' modifier or declaring the property as nullable. [F:\.NET\BAOCAOWEBNANGCAO\BAOCAOWEBNANGCAO\BAOCAOWEBNANGCAO.csproj]
F:\.NET\BAOCAOWEBNANGCAO\BAOCAOWEBNANGCAO\Models\Order.cs(19,23): warning CS8618: Non-nullable property 'CustomerEmail' must contain a non-null value when exiting constructor. Consider adding the 'required' modifier or declaring the property as nullable. [F:\.NET\BAOCAOWEBNANGCAO\BAOCAOWEBNANGCAO\BAOCAOWEBNANGCAO.csproj]
F:\.NET\BAOCAOWEBNANGCAO\BAOCAOWEBNANGCAO\Models\Order.cs(23,23): warning CS8618: Non-nullable property 'ShippingAddress' must contain a non-null value when exiting constructor. Consider adding the 'required' modifier or declaring the property as nullable. [F:\.NET\BAOCAOWEBNANGCAO\BAOCAOWEBNANGCAO\BAOCAOWEBNANGCAO.csproj]
F:\.NET\BAOCAOWEBNANGCAO\BAOCAOWEBNANGCAO\Models\Order.cs(36,23): warning CS8618: Non-nullable property 'PaymentStatus' must contain a non-null value when exiting constructor. Consider adding the 'required' modifier or declaring the property as nullable. [F:\.NET\BAOCAOWEBNANGCAO\BAOCAOWEBNANGCAO\BAOCAOWEBNANGCAO.csproj]
F:\.NET\BAOCAOWEBNANGCAO\BAOCAOWEBNANGCAO\Models\Order.cs(40,23): warning CS8618: Non-nullable property 'Status' must contain a non-null value when exiting constructor. Consider adding the 'required' modifier or declaring the property as nullable. [F:\.NET\BAOCAOWEBNANGCAO\BAOCAOWEBNANGCAO\BAOCAOWEBNANGCAO.csproj]
F:\.NET\BAOCAOWEBNANGCAO\BAOCAOWEBNANGCAO\Models\Order.cs(42,34): warning CS8618: Non-nullable property 'OrderDetails' must contain a non-null value when exiting constructor. Consider adding the 'required' modifier or declaring the property as nullable. [F:\.NET\BAOCAOWEBNANGCAO\BAOCAOWEBNANGCAO\BAOCAOWEBNANGCAO.csproj]
F:\.NET\BAOCAOWEBNANGCAO\BAOCAOWEBNANGCAO\Models\Feedback.cs(6,23): warning CS8618: Non-nullable property 'CustomerName' must contain a non-null value when exiting constructor. Consider adding the 'required' modifier or declaring the property as nullable. [F:\.NET\BAOCAOWEBNANGCAO\BAOCAOWEBNANGCAO\BAOCAOWEBNANGCAO.csproj]
F:\.NET\BAOCAOWEBNANGCAO\BAOCAOWEBNANGCAO\Models\Feedback.cs(7,23): warning CS8618: Non-nullable property 'Content' must contain a non-null value when exiting constructor. Consider adding the 'required' modifier or declaring the property as nullable. [F:\.NET\BAOCAOWEBNANGCAO\BAOCAOWEBNANGCAO\BAOCAOWEBNANGCAO.csproj]
F:\.NET\BAOCAOWEBNANGCAO\BAOCAOWEBNANGCAO\Models\ComboDetail.cs(13,30): warning CS8618: Non-nullable property 'Combo' must contain a non-null value when exiting constructor. Consider adding the 'required' modifier or declaring the property as nullable. [F:\.NET\BAOCAOWEBNANGCAO\BAOCAOWEBNANGCAO\BAOCAOWEBNANGCAO.csproj]
F:\.NET\BAOCAOWEBNANGCAO\BAOCAOWEBNANGCAO\Models\ComboDetail.cs(17,32): warning CS8618: Non-nullable property 'Product' must contain a non-null value when exiting constructor. Consider adding the 'required' modifier or declaring the property as nullable. [F:\.NET\BAOCAOWEBNANGCAO\BAOCAOWEBNANGCAO\BAOCAOWEBNANGCAO.csproj]
F:\.NET\BAOCAOWEBNANGCAO\BAOCAOWEBNANGCAO\Models\Combo.cs(12,23): warning CS8618: Non-nullable property 'Name' must contain a non-null value when exiting constructor. Consider adding the 'required' modifier or declaring the property as nullable. [F:\.NET\BAOCAOWEBNANGCAO\BAOCAOWEBNANGCAO\BAOCAOWEBNANGCAO.csproj]
F:\.NET\BAOCAOWEBNANGCAO\BAOCAOWEBNANGCAO\Models\Combo.cs(25,49): warning CS8618: Non-nullable property 'ComboDetails' must contain a non-null value when exiting constructor. Consider adding the 'required' modifier or declaring the property as nullable. [F:\.NET\BAOCAOWEBNANGCAO\BAOCAOWEBNANGCAO\BAOCAOWEBNANGCAO.csproj]
F:\.NET\BAOCAOWEBNANGCAO\BAOCAOWEBNANGCAO\Models\Category.cs(9,23): warning CS8618: Non-nullable property 'Name' must contain a non-null value when exiting constructor. Consider adding the 'required' modifier or declaring the property as nullable. [F:\.NET\BAOCAOWEBNANGCAO\BAOCAOWEBNANGCAO\BAOCAOWEBNANGCAO.csproj]
F:\.NET\BAOCAOWEBNANGCAO\BAOCAOWEBNANGCAO\Models\CartItem.cs(5,24): warning CS8618: Non-nullable property 'Product' must contain a non-null value when exiting constructor. Consider adding the 'required' modifier or declaring the property as nullable. [F:\.NET\BAOCAOWEBNANGCAO\BAOCAOWEBNANGCAO\BAOCAOWEBNANGCAO.csproj]
F:\.NET\BAOCAOWEBNANGCAO\BAOCAOWEBNANGCAO\Controllers\AccountsController.cs(105,21): warning CS8602: Dereference of a possibly null reference. [F:\.NET\BAOCAOWEBNANGCAO\BAOCAOWEBNANGCAO\BAOCAOWEBNANGCAO.csproj]
F:\.NET\BAOCAOWEBNANGCAO\BAOCAOWEBNANGCAO\Controllers\AccountsController.cs(105,83): warning CS8602: Dereference of a possibly null reference. [F:\.NET\BAOCAOWEBNANGCAO\BAOCAOWEBNANGCAO\BAOCAOWEBNANGCAO.csproj]
F:\.NET\BAOCAOWEBNANGCAO\BAOCAOWEBNANGCAO\Views\Shared\_Layout.cshtml(69,37): warning CS8602: Dereference of a possibly null reference. [F:\.NET\BAOCAOWEBNANGCAO\BAOCAOWEBNANGCAO\BAOCAOWEBNANGCAO.csproj]
F:\.NET\BAOCAOWEBNANGCAO\BAOCAOWEBNANGCAO\Views\Shared\_AdminLayout.cshtml(16,36): warning CS8600: Converting null literal or possible null value to non-nullable type. [F:\.NET\BAOCAOWEBNANGCAO\BAOCAOWEBNANGCAO\BAOCAOWEBNANGCAO.csproj]
F:\.NET\BAOCAOWEBNANGCAO\BAOCAOWEBNANGCAO\Views\Shared\_AdminLayout.cshtml(17,32): warning CS8600: Converting null literal or possible null value to non-nullable type. [F:\.NET\BAOCAOWEBNANGCAO\BAOCAOWEBNANGCAO\BAOCAOWEBNANGCAO.csproj]
F:\.NET\BAOCAOWEBNANGCAO\BAOCAOWEBNANGCAO\Views\Shared\_AdminLayout.cshtml(27,14): warning CS8602: Dereference of a possibly null reference. [F:\.NET\BAOCAOWEBNANGCAO\BAOCAOWEBNANGCAO\BAOCAOWEBNANGCAO.csproj]
F:\.NET\BAOCAOWEBNANGCAO\BAOCAOWEBNANGCAO\Controllers\CartController.cs(83,27): warning CS8600: Converting null literal or possible null value to non-nullable type. [F:\.NET\BAOCAOWEBNANGCAO\BAOCAOWEBNANGCAO\BAOCAOWEBNANGCAO.csproj]
F:\.NET\BAOCAOWEBNANGCAO\BAOCAOWEBNANGCAO\Controllers\CartController.cs(87,24): warning CS8603: Possible null reference return. [F:\.NET\BAOCAOWEBNANGCAO\BAOCAOWEBNANGCAO\BAOCAOWEBNANGCAO.csproj]
F:\.NET\BAOCAOWEBNANGCAO\BAOCAOWEBNANGCAO\Data\DbSeeder.cs(17,24): warning CS8602: Dereference of a possibly null reference. [F:\.NET\BAOCAOWEBNANGCAO\BAOCAOWEBNANGCAO\BAOCAOWEBNANGCAO.csproj]
F:\.NET\BAOCAOWEBNANGCAO\BAOCAOWEBNANGCAO\Data\DbSeeder.cs(30,39): warning CS8602: Dereference of a possibly null reference. [F:\.NET\BAOCAOWEBNANGCAO\BAOCAOWEBNANGCAO\BAOCAOWEBNANGCAO.csproj]
F:\.NET\BAOCAOWEBNANGCAO\BAOCAOWEBNANGCAO\Data\DbSeeder.cs(55,18): warning CS8602: Dereference of a possibly null reference. [F:\.NET\BAOCAOWEBNANGCAO\BAOCAOWEBNANGCAO\BAOCAOWEBNANGCAO.csproj]
F:\.NET\BAOCAOWEBNANGCAO\BAOCAOWEBNANGCAO\Views\Products\Details.cshtml(48,39): warning CS8602: Dereference of a possibly null reference. [F:\.NET\BAOCAOWEBNANGCAO\BAOCAOWEBNANGCAO\BAOCAOWEBNANGCAO.csproj]
  BAOCAOWEBNANGCAO -> F:\.NET\BAOCAOWEBNANGCAO\BAOCAOWEBNANGCAO\bin\Debug\net8.0\BAOCAOWEBNANGCAO.dll

Build succeeded.

F:\.NET\BAOCAOWEBNANGCAO\BAOCAOWEBNANGCAO\SessionHelper.cs(19,20): warning CS8603: Possible null reference return. [F:\.NET\BAOCAOWEBNANGCAO\BAOCAOWEBNANGCAO\BAOCAOWEBNANGCAO.csproj]
F:\.NET\BAOCAOWEBNANGCAO\BAOCAOWEBNANGCAO\Models\SePayWebhookData.cs(6,23): warning CS8618: Non-nullable property 'gateway' must contain a non-null value when exiting constructor. Consider adding the 'required' modifier or declaring the property as nullable. [F:\.NET\BAOCAOWEBNANGCAO\BAOCAOWEBNANGCAO\BAOCAOWEBNANGCAO.csproj]
F:\.NET\BAOCAOWEBNANGCAO\BAOCAOWEBNANGCAO\Models\SePayWebhookData.cs(7,23): warning CS8618: Non-nullable property 'transactionDate' must contain a non-null value when exiting constructor. Consider adding the 'required' modifier or declaring the property as nullable. [F:\.NET\BAOCAOWEBNANGCAO\BAOCAOWEBNANGCAO\BAOCAOWEBNANGCAO.csproj]
F:\.NET\BAOCAOWEBNANGCAO\BAOCAOWEBNANGCAO\Models\SePayWebhookData.cs(8,23): warning CS8618: Non-nullable property 'accountNumber' must contain a non-null value when exiting constructor. Consider adding the 'required' modifier or declaring the property as nullable. [F:\.NET\BAOCAOWEBNANGCAO\BAOCAOWEBNANGCAO\BAOCAOWEBNANGCAO.csproj]
F:\.NET\BAOCAOWEBNANGCAO\BAOCAOWEBNANGCAO\Models\SePayWebhookData.cs(11,23): warning CS8618: Non-nullable property 'content' must contain a non-null value when exiting constructor. Consider adding the 'required' modifier or declaring the property as nullable. [F:\.NET\BAOCAOWEBNANGCAO\BAOCAOWEBNANGCAO\BAOCAOWEBNANGCAO.csproj]
F:\.NET\BAOCAOWEBNANGCAO\BAOCAOWEBNANGCAO\Models\SePayWebhookData.cs(12,23): warning CS8618: Non-nullable property 'transferType' must contain a non-null value when exiting constructor. Consider adding the 'required' modifier or declaring the property as nullable. [F:\.NET\BAOCAOWEBNANGCAO\BAOCAOWEBNANGCAO\BAOCAOWEBNANGCAO.csproj]
F:\.NET\BAOCAOWEBNANGCAO\BAOCAOWEBNANGCAO\Models\SePayWebhookData.cs(14,23): warning CS8618: Non-nullable property 'referenceCode' must contain a non-null value when exiting constructor. Consider adding the 'required' modifier or declaring the property as nullable. [F:\.NET\BAOCAOWEBNANGCAO\BAOCAOWEBNANGCAO\BAOCAOWEBNANGCAO.csproj]
F:\.NET\BAOCAOWEBNANGCAO\BAOCAOWEBNANGCAO\Models\Product.cs(10,23): warning CS8618: Non-nullable property 'Name' must contain a non-null value when exiting constructor. Consider adding the 'required' modifier or declaring the property as nullable. [F:\.NET\BAOCAOWEBNANGCAO\BAOCAOWEBNANGCAO\BAOCAOWEBNANGCAO.csproj]
F:\.NET\BAOCAOWEBNANGCAO\BAOCAOWEBNANGCAO\Models\OrderDetail.cs(13,22): warning CS8618: Non-nullable property 'Order' must contain a non-null value when exiting constructor. Consider adding the 'required' modifier or declaring the property as nullable. [F:\.NET\BAOCAOWEBNANGCAO\BAOCAOWEBNANGCAO\BAOCAOWEBNANGCAO.csproj]
F:\.NET\BAOCAOWEBNANGCAO\BAOCAOWEBNANGCAO\Models\OrderDetail.cs(17,24): warning CS8618: Non-nullable property 'Product' must contain a non-null value when exiting constructor. Consider adding the 'required' modifier or declaring the property as nullable. [F:\.NET\BAOCAOWEBNANGCAO\BAOCAOWEBNANGCAO\BAOCAOWEBNANGCAO.csproj]
F:\.NET\BAOCAOWEBNANGCAO\BAOCAOWEBNANGCAO\Models\Order.cs(13,23): warning CS8618: Non-nullable property 'CustomerName' must contain a non-null value when exiting constructor. Consider adding the 'required' modifier or declaring the property as nullable. [F:\.NET\BAOCAOWEBNANGCAO\BAOCAOWEBNANGCAO\BAOCAOWEBNANGCAO.csproj]
F:\.NET\BAOCAOWEBNANGCAO\BAOCAOWEBNANGCAO\Models\Order.cs(16,23): warning CS8618: Non-nullable property 'CustomerPhone' must contain a non-null value when exiting constructor. Consider adding the 'required' modifier or declaring the property as nullable. [F:\.NET\BAOCAOWEBNANGCAO\BAOCAOWEBNANGCAO\BAOCAOWEBNANGCAO.csproj]
F:\.NET\BAOCAOWEBNANGCAO\BAOCAOWEBNANGCAO\Models\Order.cs(19,23): warning CS8618: Non-nullable property 'CustomerEmail' must contain a non-null value when exiting constructor. Consider adding the 'required' modifier or declaring the property as nullable. [F:\.NET\BAOCAOWEBNANGCAO\BAOCAOWEBNANGCAO\BAOCAOWEBNANGCAO.csproj]
F:\.NET\BAOCAOWEBNANGCAO\BAOCAOWEBNANGCAO\Models\Order.cs(23,23): warning CS8618: Non-nullable property 'ShippingAddress' must contain a non-null value when exiting constructor. Consider adding the 'required' modifier or declaring the property as nullable. [F:\.NET\BAOCAOWEBNANGCAO\BAOCAOWEBNANGCAO\BAOCAOWEBNANGCAO.csproj]
F:\.NET\BAOCAOWEBNANGCAO\BAOCAOWEBNANGCAO\Models\Order.cs(36,23): warning CS8618: Non-nullable property 'PaymentStatus' must contain a non-null value when exiting constructor. Consider adding the 'required' modifier or declaring the property as nullable. [F:\.NET\BAOCAOWEBNANGCAO\BAOCAOWEBNANGCAO\BAOCAOWEBNANGCAO.csproj]
F:\.NET\BAOCAOWEBNANGCAO\BAOCAOWEBNANGCAO\Models\Order.cs(40,23): warning CS8618: Non-nullable property 'Status' must contain a non-null value when exiting constructor. Consider adding the 'required' modifier or declaring the property as nullable. [F:\.NET\BAOCAOWEBNANGCAO\BAOCAOWEBNANGCAO\BAOCAOWEBNANGCAO.csproj]
F:\.NET\BAOCAOWEBNANGCAO\BAOCAOWEBNANGCAO\Models\Order.cs(42,34): warning CS8618: Non-nullable property 'OrderDetails' must contain a non-null value when exiting constructor. Consider adding the 'required' modifier or declaring the property as nullable. [F:\.NET\BAOCAOWEBNANGCAO\BAOCAOWEBNANGCAO\BAOCAOWEBNANGCAO.csproj]
F:\.NET\BAOCAOWEBNANGCAO\BAOCAOWEBNANGCAO\Models\Feedback.cs(6,23): warning CS8618: Non-nullable property 'CustomerName' must contain a non-null value when exiting constructor. Consider adding the 'required' modifier or declaring the property as nullable. [F:\.NET\BAOCAOWEBNANGCAO\BAOCAOWEBNANGCAO\BAOCAOWEBNANGCAO.csproj]
F:\.NET\BAOCAOWEBNANGCAO\BAOCAOWEBNANGCAO\Models\Feedback.cs(7,23): warning CS8618: Non-nullable property 'Content' must contain a non-null value when exiting constructor. Consider adding the 'required' modifier or declaring the property as nullable. [F:\.NET\BAOCAOWEBNANGCAO\BAOCAOWEBNANGCAO\BAOCAOWEBNANGCAO.csproj]
F:\.NET\BAOCAOWEBNANGCAO\BAOCAOWEBNANGCAO\Models\ComboDetail.cs(13,30): warning CS8618: Non-nullable property 'Combo' must contain a non-null value when exiting constructor. Consider adding the 'required' modifier or declaring the property as nullable. [F:\.NET\BAOCAOWEBNANGCAO\BAOCAOWEBNANGCAO\BAOCAOWEBNANGCAO.csproj]
F:\.NET\BAOCAOWEBNANGCAO\BAOCAOWEBNANGCAO\Models\ComboDetail.cs(17,32): warning CS8618: Non-nullable property 'Product' must contain a non-null value when exiting constructor. Consider adding the 'required' modifier or declaring the property as nullable. [F:\.NET\BAOCAOWEBNANGCAO\BAOCAOWEBNANGCAO\BAOCAOWEBNANGCAO.csproj]
F:\.NET\BAOCAOWEBNANGCAO\BAOCAOWEBNANGCAO\Models\Combo.cs(12,23): warning CS8618: Non-nullable property 'Name' must contain a non-null value when exiting constructor. Consider adding the 'required' modifier or declaring the property as nullable. [F:\.NET\BAOCAOWEBNANGCAO\BAOCAOWEBNANGCAO\BAOCAOWEBNANGCAO.csproj]
F:\.NET\BAOCAOWEBNANGCAO\BAOCAOWEBNANGCAO\Models\Combo.cs(25,49): warning CS8618: Non-nullable property 'ComboDetails' must contain a non-null value when exiting constructor. Consider adding the 'required' modifier or declaring the property as nullable. [F:\.NET\BAOCAOWEBNANGCAO\BAOCAOWEBNANGCAO\BAOCAOWEBNANGCAO.csproj]
F:\.NET\BAOCAOWEBNANGCAO\BAOCAOWEBNANGCAO\Models\Category.cs(9,23): warning CS8618: Non-nullable property 'Name' must contain a non-null value when exiting constructor. Consider adding the 'required' modifier or declaring the property as nullable. [F:\.NET\BAOCAOWEBNANGCAO\BAOCAOWEBNANGCAO\BAOCAOWEBNANGCAO.csproj]
F:\.NET\BAOCAOWEBNANGCAO\BAOCAOWEBNANGCAO\Models\CartItem.cs(5,24): warning CS8618: Non-nullable property 'Product' must contain a non-null value when exiting constructor. Consider adding the 'required' modifier or declaring the property as nullable. [F:\.NET\BAOCAOWEBNANGCAO\BAOCAOWEBNANGCAO\BAOCAOWEBNANGCAO.csproj]
F:\.NET\BAOCAOWEBNANGCAO\BAOCAOWEBNANGCAO\Controllers\AccountsController.cs(105,21): warning CS8602: Dereference of a possibly null reference. [F:\.NET\BAOCAOWEBNANGCAO\BAOCAOWEBNANGCAO\BAOCAOWEBNANGCAO.csproj]
F:\.NET\BAOCAOWEBNANGCAO\BAOCAOWEBNANGCAO\Controllers\AccountsController.cs(105,83): warning CS8602: Dereference of a possibly null reference. [F:\.NET\BAOCAOWEBNANGCAO\BAOCAOWEBNANGCAO\BAOCAOWEBNANGCAO.csproj]
F:\.NET\BAOCAOWEBNANGCAO\BAOCAOWEBNANGCAO\Views\Shared\_Layout.cshtml(69,37): warning CS8602: Dereference of a possibly null reference. [F:\.NET\BAOCAOWEBNANGCAO\BAOCAOWEBNANGCAO\BAOCAOWEBNANGCAO.csproj]
F:\.NET\BAOCAOWEBNANGCAO\BAOCAOWEBNANGCAO\Views\Shared\_AdminLayout.cshtml(16,36): warning CS8600: Converting null literal or possible null value to non-nullable type. [F:\.NET\BAOCAOWEBNANGCAO\BAOCAOWEBNANGCAO\BAOCAOWEBNANGCAO.csproj]
F:\.NET\BAOCAOWEBNANGCAO\BAOCAOWEBNANGCAO\Views\Shared\_AdminLayout.cshtml(17,32): warning CS8600: Converting null literal or possible null value to non-nullable type. [F:\.NET\BAOCAOWEBNANGCAO\BAOCAOWEBNANGCAO\BAOCAOWEBNANGCAO.csproj]
F:\.NET\BAOCAOWEBNANGCAO\BAOCAOWEBNANGCAO\Views\Shared\_AdminLayout.cshtml(27,14): warning CS8602: Dereference of a possibly null reference. [F:\.NET\BAOCAOWEBNANGCAO\BAOCAOWEBNANGCAO\BAOCAOWEBNANGCAO.csproj]
F:\.NET\BAOCAOWEBNANGCAO\BAOCAOWEBNANGCAO\Controllers\CartController.cs(83,27): warning CS8600: Converting null literal or possible null value to non-nullable type. [F:\.NET\BAOCAOWEBNANGCAO\BAOCAOWEBNANGCAO\BAOCAOWEBNANGCAO.csproj]
F:\.NET\BAOCAOWEBNANGCAO\BAOCAOWEBNANGCAO\Controllers\CartController.cs(87,24): warning CS8603: Possible null reference return. [F:\.NET\BAOCAOWEBNANGCAO\BAOCAOWEBNANGCAO\BAOCAOWEBNANGCAO.csproj]
F:\.NET\BAOCAOWEBNANGCAO\BAOCAOWEBNANGCAO\Data\DbSeeder.cs(17,24): warning CS8602: Dereference of a possibly null reference. [F:\.NET\BAOCAOWEBNANGCAO\BAOCAOWEBNANGCAO\BAOCAOWEBNANGCAO.csproj]
F:\.NET\BAOCAOWEBNANGCAO\BAOCAOWEBNANGCAO\Data\DbSeeder.cs(30,39): warning CS8602: Dereference of a possibly null reference. [F:\.NET\BAOCAOWEBNANGCAO\BAOCAOWEBNANGCAO\BAOCAOWEBNANGCAO.csproj]
F:\.NET\BAOCAOWEBNANGCAO\BAOCAOWEBNANGCAO\Data\DbSeeder.cs(55,18): warning CS8602: Dereference of a possibly null reference. [F:\.NET\BAOCAOWEBNANGCAO\BAOCAOWEBNANGCAO\BAOCAOWEBNANGCAO.csproj]
F:\.NET\BAOCAOWEBNANGCAO\BAOCAOWEBNANGCAO\Views\Products\Details.cshtml(48,39): warning CS8602: Dereference of a possibly null reference. [F:\.NET\BAOCAOWEBNANGCAO\BAOCAOWEBNANGCAO\BAOCAOWEBNANGCAO.csproj]
    37 Warning(s)
    0 Error(s)

Time Elapsed 00:00:04.69
